****************************************
Report : timing
	-path_type full
	-delay_type max
	-input_pins
	-nets
	-max_paths 1
	-transition_time
	-capacitance
	-sort_by slack
Design : fpu
Version: L-2016.06-SP3-1
Date   : Mon Jun  3 22:43:00 2019
****************************************

Warning: There are 1906 invalid end points for constrained paths. (UITE-416)

  Startpoint: fpu_add/fpu_add_frac_dp/i_a3stg_frac2/q_reg[0]
               (rising edge-triggered flip-flop clocked by gclk)
  Endpoint: fpu_add/fpu_add_frac_dp/i_a4stg_rnd_frac_pre1/q_reg[12]
               (rising edge-triggered flip-flop clocked by gclk)
  Path Group: gclk
  Path Type: max

  Point                       Fanout    Cap      Trans       Incr       Path
  -----------------------------------------------------------------------------
  clock gclk (rise edge)                          0.10       0.00       0.00
  clock network delay (ideal)                                0.10       0.10
  fpu_add/fpu_add_frac_dp/i_a3stg_frac2/q_reg[0]/CLK (SDFFX1_RVT)
                                                  0.10       0.00       0.10 r
  fpu_add/fpu_add_frac_dp/i_a3stg_frac2/q_reg[0]/Q (SDFFX1_RVT)
                                                  0.04       0.19       0.29 r
  fpu_add/fpu_add_frac_dp/i_a3stg_frac2/q[0] (net)
                                 2     2.15 
  fpu_add/fpu_add_frac_dp/add_1_root_add_765_2/U1_0/B (FADDX1_RVT)
                                                  0.04       0.11       0.40 r
  fpu_add/fpu_add_frac_dp/add_1_root_add_765_2/U1_0/CO (FADDX1_RVT)
                                                  0.05       0.10       0.51 r
  fpu_add/fpu_add_frac_dp/add_1_root_add_765_2/carry[1] (net)
                                 1     1.34 
  fpu_add/fpu_add_frac_dp/add_1_root_add_765_2/U1_1/CI (FADDX1_RVT)
                                                  0.05       0.03       0.54 r
  fpu_add/fpu_add_frac_dp/add_1_root_add_765_2/U1_1/CO (FADDX1_RVT)
                                                  0.05       0.10       0.64 r
  fpu_add/fpu_add_frac_dp/add_1_root_add_765_2/carry[2] (net)
                                 1     1.34 
  fpu_add/fpu_add_frac_dp/add_1_root_add_765_2/U1_2/CI (FADDX1_RVT)
                                                  0.05       0.03       0.67 r
  fpu_add/fpu_add_frac_dp/add_1_root_add_765_2/U1_2/CO (FADDX1_RVT)
                                                  0.05       0.10       0.77 r
  fpu_add/fpu_add_frac_dp/add_1_root_add_765_2/carry[3] (net)
                                 1     1.34 
  fpu_add/fpu_add_frac_dp/add_1_root_add_765_2/U1_3/CI (FADDX1_RVT)
                                                  0.05       0.03       0.80 r
  fpu_add/fpu_add_frac_dp/add_1_root_add_765_2/U1_3/CO (FADDX1_RVT)
                                                  0.05       0.10       0.90 r
  fpu_add/fpu_add_frac_dp/add_1_root_add_765_2/carry[4] (net)
                                 1     1.34 
  fpu_add/fpu_add_frac_dp/add_1_root_add_765_2/U1_4/CI (FADDX1_RVT)
                                                  0.05       0.03       0.94 r
  fpu_add/fpu_add_frac_dp/add_1_root_add_765_2/U1_4/CO (FADDX1_RVT)
                                                  0.05       0.10       1.04 r
  fpu_add/fpu_add_frac_dp/add_1_root_add_765_2/carry[5] (net)
                                 1     1.34 
  fpu_add/fpu_add_frac_dp/add_1_root_add_765_2/U1_5/CI (FADDX1_RVT)
                                                  0.05       0.03       1.07 r
  fpu_add/fpu_add_frac_dp/add_1_root_add_765_2/U1_5/CO (FADDX1_RVT)
                                                  0.05       0.10       1.17 r
  fpu_add/fpu_add_frac_dp/add_1_root_add_765_2/carry[6] (net)
                                 1     1.34 
  fpu_add/fpu_add_frac_dp/add_1_root_add_765_2/U1_6/CI (FADDX1_RVT)
                                                  0.05       0.03       1.20 r
  fpu_add/fpu_add_frac_dp/add_1_root_add_765_2/U1_6/CO (FADDX1_RVT)
                                                  0.05       0.10       1.30 r
  fpu_add/fpu_add_frac_dp/add_1_root_add_765_2/carry[7] (net)
                                 1     1.34 
  fpu_add/fpu_add_frac_dp/add_1_root_add_765_2/U1_7/CI (FADDX1_RVT)
                                                  0.05       0.03       1.34 r
  fpu_add/fpu_add_frac_dp/add_1_root_add_765_2/U1_7/CO (FADDX1_RVT)
                                                  0.05       0.10       1.44 r
  fpu_add/fpu_add_frac_dp/add_1_root_add_765_2/carry[8] (net)
                                 1     1.34 
  fpu_add/fpu_add_frac_dp/add_1_root_add_765_2/U1_8/CI (FADDX1_RVT)
                                                  0.05       0.03       1.47 r
  fpu_add/fpu_add_frac_dp/add_1_root_add_765_2/U1_8/CO (FADDX1_RVT)
                                                  0.05       0.10       1.57 r
  fpu_add/fpu_add_frac_dp/add_1_root_add_765_2/carry[9] (net)
                                 1     1.34 
  fpu_add/fpu_add_frac_dp/add_1_root_add_765_2/U1_9/CI (FADDX1_RVT)
                                                  0.05       0.03       1.60 r
  fpu_add/fpu_add_frac_dp/add_1_root_add_765_2/U1_9/CO (FADDX1_RVT)
                                                  0.05       0.10       1.70 r
  fpu_add/fpu_add_frac_dp/add_1_root_add_765_2/carry[10] (net)
                                 1     1.34 
  fpu_add/fpu_add_frac_dp/add_1_root_add_765_2/U1_10/CI (FADDX1_RVT)
                                                  0.05       0.03       1.74 r
  fpu_add/fpu_add_frac_dp/add_1_root_add_765_2/U1_10/CO (FADDX1_RVT)
                                                  0.05       0.10       1.84 r
  fpu_add/fpu_add_frac_dp/add_1_root_add_765_2/carry[11] (net)
                                 1     1.34 
  fpu_add/fpu_add_frac_dp/add_1_root_add_765_2/U1_11/CI (FADDX1_RVT)
                                                  0.05       0.03       1.87 r
  fpu_add/fpu_add_frac_dp/add_1_root_add_765_2/U1_11/CO (FADDX1_RVT)
                                                  0.05       0.10       1.97 r
  fpu_add/fpu_add_frac_dp/add_1_root_add_765_2/carry[12] (net)
                                 1     1.34 
  fpu_add/fpu_add_frac_dp/add_1_root_add_765_2/U1_12/CI (FADDX1_RVT)
                                                  0.05       0.03       2.00 r
  fpu_add/fpu_add_frac_dp/add_1_root_add_765_2/U1_12/CO (FADDX1_RVT)
                                                  0.05       0.10       2.10 r
  fpu_add/fpu_add_frac_dp/add_1_root_add_765_2/carry[13] (net)
                                 1     1.34 
  fpu_add/fpu_add_frac_dp/add_1_root_add_765_2/U1_13/CI (FADDX1_RVT)
                                                  0.05       0.03       2.13 r
  fpu_add/fpu_add_frac_dp/add_1_root_add_765_2/U1_13/CO (FADDX1_RVT)
                                                  0.05       0.10       2.23 r
  fpu_add/fpu_add_frac_dp/add_1_root_add_765_2/carry[14] (net)
                                 1     1.34 
  fpu_add/fpu_add_frac_dp/add_1_root_add_765_2/U1_14/CI (FADDX1_RVT)
                                                  0.05       0.03       2.27 r
  fpu_add/fpu_add_frac_dp/add_1_root_add_765_2/U1_14/CO (FADDX1_RVT)
                                                  0.05       0.10       2.37 r
  fpu_add/fpu_add_frac_dp/add_1_root_add_765_2/carry[15] (net)
                                 1     1.34 
  fpu_add/fpu_add_frac_dp/add_1_root_add_765_2/U1_15/CI (FADDX1_RVT)
                                                  0.05       0.03       2.40 r
  fpu_add/fpu_add_frac_dp/add_1_root_add_765_2/U1_15/CO (FADDX1_RVT)
                                                  0.05       0.10       2.50 r
  fpu_add/fpu_add_frac_dp/add_1_root_add_765_2/carry[16] (net)
                                 1     1.34 
  fpu_add/fpu_add_frac_dp/add_1_root_add_765_2/U1_16/CI (FADDX1_RVT)
                                                  0.05       0.03       2.53 r
  fpu_add/fpu_add_frac_dp/add_1_root_add_765_2/U1_16/CO (FADDX1_RVT)
                                                  0.05       0.10       2.63 r
  fpu_add/fpu_add_frac_dp/add_1_root_add_765_2/carry[17] (net)
                                 1     1.34 
  fpu_add/fpu_add_frac_dp/add_1_root_add_765_2/U1_17/CI (FADDX1_RVT)
                                                  0.05       0.03       2.67 r
  fpu_add/fpu_add_frac_dp/add_1_root_add_765_2/U1_17/CO (FADDX1_RVT)
                                                  0.05       0.10       2.77 r
  fpu_add/fpu_add_frac_dp/add_1_root_add_765_2/carry[18] (net)
                                 1     1.34 
  fpu_add/fpu_add_frac_dp/add_1_root_add_765_2/U1_18/CI (FADDX1_RVT)
                                                  0.05       0.03       2.80 r
  fpu_add/fpu_add_frac_dp/add_1_root_add_765_2/U1_18/CO (FADDX1_RVT)
                                                  0.05       0.10       2.90 r
  fpu_add/fpu_add_frac_dp/add_1_root_add_765_2/carry[19] (net)
                                 1     1.34 
  fpu_add/fpu_add_frac_dp/add_1_root_add_765_2/U1_19/CI (FADDX1_RVT)
                                                  0.05       0.03       2.93 r
  fpu_add/fpu_add_frac_dp/add_1_root_add_765_2/U1_19/CO (FADDX1_RVT)
                                                  0.05       0.10       3.03 r
  fpu_add/fpu_add_frac_dp/add_1_root_add_765_2/carry[20] (net)
                                 1     1.34 
  fpu_add/fpu_add_frac_dp/add_1_root_add_765_2/U1_20/CI (FADDX1_RVT)
                                                  0.05       0.03       3.07 r
  fpu_add/fpu_add_frac_dp/add_1_root_add_765_2/U1_20/CO (FADDX1_RVT)
                                                  0.05       0.10       3.17 r
  fpu_add/fpu_add_frac_dp/add_1_root_add_765_2/carry[21] (net)
                                 1     1.34 
  fpu_add/fpu_add_frac_dp/add_1_root_add_765_2/U1_21/CI (FADDX1_RVT)
                                                  0.05       0.03       3.20 r
  fpu_add/fpu_add_frac_dp/add_1_root_add_765_2/U1_21/CO (FADDX1_RVT)
                                                  0.05       0.10       3.30 r
  fpu_add/fpu_add_frac_dp/add_1_root_add_765_2/carry[22] (net)
                                 1     1.34 
  fpu_add/fpu_add_frac_dp/add_1_root_add_765_2/U1_22/CI (FADDX1_RVT)
                                                  0.05       0.03       3.33 r
  fpu_add/fpu_add_frac_dp/add_1_root_add_765_2/U1_22/CO (FADDX1_RVT)
                                                  0.05       0.10       3.43 r
  fpu_add/fpu_add_frac_dp/add_1_root_add_765_2/carry[23] (net)
                                 1     1.34 
  fpu_add/fpu_add_frac_dp/add_1_root_add_765_2/U1_23/CI (FADDX1_RVT)
                                                  0.05       0.03       3.46 r
  fpu_add/fpu_add_frac_dp/add_1_root_add_765_2/U1_23/CO (FADDX1_RVT)
                                                  0.05       0.10       3.57 r
  fpu_add/fpu_add_frac_dp/add_1_root_add_765_2/carry[24] (net)
                                 1     1.34 
  fpu_add/fpu_add_frac_dp/add_1_root_add_765_2/U1_24/CI (FADDX1_RVT)
                                                  0.05       0.03       3.60 r
  fpu_add/fpu_add_frac_dp/add_1_root_add_765_2/U1_24/CO (FADDX1_RVT)
                                                  0.05       0.10       3.70 r
  fpu_add/fpu_add_frac_dp/add_1_root_add_765_2/carry[25] (net)
                                 1     1.34 
  fpu_add/fpu_add_frac_dp/add_1_root_add_765_2/U1_25/CI (FADDX1_RVT)
                                                  0.05       0.03       3.73 r
  fpu_add/fpu_add_frac_dp/add_1_root_add_765_2/U1_25/CO (FADDX1_RVT)
                                                  0.05       0.10       3.83 r
  fpu_add/fpu_add_frac_dp/add_1_root_add_765_2/carry[26] (net)
                                 1     1.34 
  fpu_add/fpu_add_frac_dp/add_1_root_add_765_2/U1_26/CI (FADDX1_RVT)
                                                  0.05       0.03       3.86 r
  fpu_add/fpu_add_frac_dp/add_1_root_add_765_2/U1_26/CO (FADDX1_RVT)
                                                  0.05       0.10       3.96 r
  fpu_add/fpu_add_frac_dp/add_1_root_add_765_2/carry[27] (net)
                                 1     1.34 
  fpu_add/fpu_add_frac_dp/add_1_root_add_765_2/U1_27/CI (FADDX1_RVT)
                                                  0.05       0.03       4.00 r
  fpu_add/fpu_add_frac_dp/add_1_root_add_765_2/U1_27/CO (FADDX1_RVT)
                                                  0.05       0.10       4.10 r
  fpu_add/fpu_add_frac_dp/add_1_root_add_765_2/carry[28] (net)
                                 1     1.34 
  fpu_add/fpu_add_frac_dp/add_1_root_add_765_2/U1_28/CI (FADDX1_RVT)
                                                  0.05       0.03       4.13 r
  fpu_add/fpu_add_frac_dp/add_1_root_add_765_2/U1_28/CO (FADDX1_RVT)
                                                  0.05       0.10       4.23 r
  fpu_add/fpu_add_frac_dp/add_1_root_add_765_2/carry[29] (net)
                                 1     1.34 
  fpu_add/fpu_add_frac_dp/add_1_root_add_765_2/U1_29/CI (FADDX1_RVT)
                                                  0.05       0.03       4.26 r
  fpu_add/fpu_add_frac_dp/add_1_root_add_765_2/U1_29/CO (FADDX1_RVT)
                                                  0.05       0.10       4.36 r
  fpu_add/fpu_add_frac_dp/add_1_root_add_765_2/carry[30] (net)
                                 1     1.34 
  fpu_add/fpu_add_frac_dp/add_1_root_add_765_2/U1_30/CI (FADDX1_RVT)
                                                  0.05       0.03       4.40 r
  fpu_add/fpu_add_frac_dp/add_1_root_add_765_2/U1_30/CO (FADDX1_RVT)
                                                  0.05       0.10       4.50 r
  fpu_add/fpu_add_frac_dp/add_1_root_add_765_2/carry[31] (net)
                                 1     1.34 
  fpu_add/fpu_add_frac_dp/add_1_root_add_765_2/U1_31/CI (FADDX1_RVT)
                                                  0.05       0.03       4.53 r
  fpu_add/fpu_add_frac_dp/add_1_root_add_765_2/U1_31/CO (FADDX1_RVT)
                                                  0.05       0.10       4.63 r
  fpu_add/fpu_add_frac_dp/add_1_root_add_765_2/carry[32] (net)
                                 1     1.34 
  fpu_add/fpu_add_frac_dp/add_1_root_add_765_2/U1_32/CI (FADDX1_RVT)
                                                  0.05       0.03       4.66 r
  fpu_add/fpu_add_frac_dp/add_1_root_add_765_2/U1_32/CO (FADDX1_RVT)
                                                  0.05       0.10       4.76 r
  fpu_add/fpu_add_frac_dp/add_1_root_add_765_2/carry[33] (net)
                                 1     1.34 
  fpu_add/fpu_add_frac_dp/add_1_root_add_765_2/U1_33/CI (FADDX1_RVT)
                                                  0.05       0.03       4.79 r
  fpu_add/fpu_add_frac_dp/add_1_root_add_765_2/U1_33/CO (FADDX1_RVT)
                                                  0.05       0.10       4.90 r
  fpu_add/fpu_add_frac_dp/add_1_root_add_765_2/carry[34] (net)
                                 1     1.34 
  fpu_add/fpu_add_frac_dp/add_1_root_add_765_2/U1_34/CI (FADDX1_RVT)
                                                  0.05       0.03       4.93 r
  fpu_add/fpu_add_frac_dp/add_1_root_add_765_2/U1_34/CO (FADDX1_RVT)
                                                  0.05       0.10       5.03 r
  fpu_add/fpu_add_frac_dp/add_1_root_add_765_2/carry[35] (net)
                                 1     1.34 
  fpu_add/fpu_add_frac_dp/add_1_root_add_765_2/U1_35/CI (FADDX1_RVT)
                                                  0.05       0.03       5.06 r
  fpu_add/fpu_add_frac_dp/add_1_root_add_765_2/U1_35/CO (FADDX1_RVT)
                                                  0.05       0.10       5.16 r
  fpu_add/fpu_add_frac_dp/add_1_root_add_765_2/carry[36] (net)
                                 1     1.34 
  fpu_add/fpu_add_frac_dp/add_1_root_add_765_2/U1_36/CI (FADDX1_RVT)
                                                  0.05       0.03       5.19 r
  fpu_add/fpu_add_frac_dp/add_1_root_add_765_2/U1_36/CO (FADDX1_RVT)
                                                  0.05       0.10       5.30 r
  fpu_add/fpu_add_frac_dp/add_1_root_add_765_2/carry[37] (net)
                                 1     1.34 
  fpu_add/fpu_add_frac_dp/add_1_root_add_765_2/U1_37/CI (FADDX1_RVT)
                                                  0.05       0.03       5.33 r
  fpu_add/fpu_add_frac_dp/add_1_root_add_765_2/U1_37/CO (FADDX1_RVT)
                                                  0.05       0.10       5.43 r
  fpu_add/fpu_add_frac_dp/add_1_root_add_765_2/carry[38] (net)
                                 1     1.34 
  fpu_add/fpu_add_frac_dp/add_1_root_add_765_2/U1_38/CI (FADDX1_RVT)
                                                  0.05       0.03       5.46 r
  fpu_add/fpu_add_frac_dp/add_1_root_add_765_2/U1_38/CO (FADDX1_RVT)
                                                  0.05       0.10       5.56 r
  fpu_add/fpu_add_frac_dp/add_1_root_add_765_2/carry[39] (net)
                                 1     1.34 
  fpu_add/fpu_add_frac_dp/add_1_root_add_765_2/U1_39/CI (FADDX1_RVT)
                                                  0.05       0.03       5.60 r
  fpu_add/fpu_add_frac_dp/add_1_root_add_765_2/U1_39/CO (FADDX1_RVT)
                                                  0.05       0.10       5.70 r
  fpu_add/fpu_add_frac_dp/add_1_root_add_765_2/carry[40] (net)
                                 1     1.34 
  fpu_add/fpu_add_frac_dp/add_1_root_add_765_2/U1_40/CI (FADDX1_RVT)
                                                  0.05       0.03       5.73 r
  fpu_add/fpu_add_frac_dp/add_1_root_add_765_2/U1_40/CO (FADDX1_RVT)
                                                  0.05       0.10       5.83 r
  fpu_add/fpu_add_frac_dp/add_1_root_add_765_2/carry[41] (net)
                                 1     1.34 
  fpu_add/fpu_add_frac_dp/add_1_root_add_765_2/U1_41/CI (FADDX1_RVT)
                                                  0.05       0.03       5.86 r
  fpu_add/fpu_add_frac_dp/add_1_root_add_765_2/U1_41/CO (FADDX1_RVT)
                                                  0.05       0.10       5.96 r
  fpu_add/fpu_add_frac_dp/add_1_root_add_765_2/carry[42] (net)
                                 1     1.34 
  fpu_add/fpu_add_frac_dp/add_1_root_add_765_2/U1_42/CI (FADDX1_RVT)
                                                  0.05       0.03       5.99 r
  fpu_add/fpu_add_frac_dp/add_1_root_add_765_2/U1_42/CO (FADDX1_RVT)
                                                  0.05       0.10       6.10 r
  fpu_add/fpu_add_frac_dp/add_1_root_add_765_2/carry[43] (net)
                                 1     1.34 
  fpu_add/fpu_add_frac_dp/add_1_root_add_765_2/U1_43/CI (FADDX1_RVT)
                                                  0.05       0.03       6.13 r
  fpu_add/fpu_add_frac_dp/add_1_root_add_765_2/U1_43/CO (FADDX1_RVT)
                                                  0.05       0.10       6.23 r
  fpu_add/fpu_add_frac_dp/add_1_root_add_765_2/carry[44] (net)
                                 1     1.34 
  fpu_add/fpu_add_frac_dp/add_1_root_add_765_2/U1_44/CI (FADDX1_RVT)
                                                  0.05       0.03       6.26 r
  fpu_add/fpu_add_frac_dp/add_1_root_add_765_2/U1_44/CO (FADDX1_RVT)
                                                  0.05       0.10       6.36 r
  fpu_add/fpu_add_frac_dp/add_1_root_add_765_2/carry[45] (net)
                                 1     1.34 
  fpu_add/fpu_add_frac_dp/add_1_root_add_765_2/U1_45/CI (FADDX1_RVT)
                                                  0.05       0.03       6.39 r
  fpu_add/fpu_add_frac_dp/add_1_root_add_765_2/U1_45/CO (FADDX1_RVT)
                                                  0.05       0.10       6.49 r
  fpu_add/fpu_add_frac_dp/add_1_root_add_765_2/carry[46] (net)
                                 1     1.34 
  fpu_add/fpu_add_frac_dp/add_1_root_add_765_2/U1_46/CI (FADDX1_RVT)
                                                  0.05       0.03       6.53 r
  fpu_add/fpu_add_frac_dp/add_1_root_add_765_2/U1_46/CO (FADDX1_RVT)
                                                  0.05       0.10       6.63 r
  fpu_add/fpu_add_frac_dp/add_1_root_add_765_2/carry[47] (net)
                                 1     1.34 
  fpu_add/fpu_add_frac_dp/add_1_root_add_765_2/U1_47/CI (FADDX1_RVT)
                                                  0.05       0.03       6.66 r
  fpu_add/fpu_add_frac_dp/add_1_root_add_765_2/U1_47/CO (FADDX1_RVT)
                                                  0.05       0.10       6.76 r
  fpu_add/fpu_add_frac_dp/add_1_root_add_765_2/carry[48] (net)
                                 1     1.34 
  fpu_add/fpu_add_frac_dp/add_1_root_add_765_2/U1_48/CI (FADDX1_RVT)
                                                  0.05       0.03       6.79 r
  fpu_add/fpu_add_frac_dp/add_1_root_add_765_2/U1_48/CO (FADDX1_RVT)
                                                  0.05       0.10       6.89 r
  fpu_add/fpu_add_frac_dp/add_1_root_add_765_2/carry[49] (net)
                                 1     1.34 
  fpu_add/fpu_add_frac_dp/add_1_root_add_765_2/U1_49/CI (FADDX1_RVT)
                                                  0.05       0.03       6.93 r
  fpu_add/fpu_add_frac_dp/add_1_root_add_765_2/U1_49/CO (FADDX1_RVT)
                                                  0.05       0.10       7.03 r
  fpu_add/fpu_add_frac_dp/add_1_root_add_765_2/carry[50] (net)
                                 1     1.34 
  fpu_add/fpu_add_frac_dp/add_1_root_add_765_2/U1_50/CI (FADDX1_RVT)
                                                  0.05       0.03       7.06 r
  fpu_add/fpu_add_frac_dp/add_1_root_add_765_2/U1_50/CO (FADDX1_RVT)
                                                  0.05       0.10       7.16 r
  fpu_add/fpu_add_frac_dp/add_1_root_add_765_2/carry[51] (net)
                                 1     1.34 
  fpu_add/fpu_add_frac_dp/add_1_root_add_765_2/U1_51/CI (FADDX1_RVT)
                                                  0.05       0.03       7.19 r
  fpu_add/fpu_add_frac_dp/add_1_root_add_765_2/U1_51/CO (FADDX1_RVT)
                                                  0.05       0.10       7.29 r
  fpu_add/fpu_add_frac_dp/add_1_root_add_765_2/carry[52] (net)
                                 1     1.34 
  fpu_add/fpu_add_frac_dp/add_1_root_add_765_2/U1_52/CI (FADDX1_RVT)
                                                  0.05       0.03       7.32 r
  fpu_add/fpu_add_frac_dp/add_1_root_add_765_2/U1_52/CO (FADDX1_RVT)
                                                  0.05       0.10       7.43 r
  fpu_add/fpu_add_frac_dp/add_1_root_add_765_2/carry[53] (net)
                                 1     1.34 
  fpu_add/fpu_add_frac_dp/add_1_root_add_765_2/U1_53/CI (FADDX1_RVT)
                                                  0.05       0.03       7.46 r
  fpu_add/fpu_add_frac_dp/add_1_root_add_765_2/U1_53/CO (FADDX1_RVT)
                                                  0.05       0.10       7.56 r
  fpu_add/fpu_add_frac_dp/add_1_root_add_765_2/carry[54] (net)
                                 1     1.34 
  fpu_add/fpu_add_frac_dp/add_1_root_add_765_2/U1_54/CI (FADDX1_RVT)
                                                  0.05       0.03       7.59 r
  fpu_add/fpu_add_frac_dp/add_1_root_add_765_2/U1_54/CO (FADDX1_RVT)
                                                  0.05       0.10       7.69 r
  fpu_add/fpu_add_frac_dp/add_1_root_add_765_2/carry[55] (net)
                                 1     1.34 
  fpu_add/fpu_add_frac_dp/add_1_root_add_765_2/U1_55/CI (FADDX1_RVT)
                                                  0.05       0.03       7.72 r
  fpu_add/fpu_add_frac_dp/add_1_root_add_765_2/U1_55/CO (FADDX1_RVT)
                                                  0.05       0.10       7.82 r
  fpu_add/fpu_add_frac_dp/add_1_root_add_765_2/carry[56] (net)
                                 1     1.34 
  fpu_add/fpu_add_frac_dp/add_1_root_add_765_2/U1_56/CI (FADDX1_RVT)
                                                  0.05       0.03       7.86 r
  fpu_add/fpu_add_frac_dp/add_1_root_add_765_2/U1_56/CO (FADDX1_RVT)
                                                  0.05       0.10       7.96 r
  fpu_add/fpu_add_frac_dp/add_1_root_add_765_2/carry[57] (net)
                                 1     1.34 
  fpu_add/fpu_add_frac_dp/add_1_root_add_765_2/U1_57/CI (FADDX1_RVT)
                                                  0.05       0.03       7.99 r
  fpu_add/fpu_add_frac_dp/add_1_root_add_765_2/U1_57/CO (FADDX1_RVT)
                                                  0.05       0.10       8.09 r
  fpu_add/fpu_add_frac_dp/add_1_root_add_765_2/carry[58] (net)
                                 1     1.34 
  fpu_add/fpu_add_frac_dp/add_1_root_add_765_2/U1_58/CI (FADDX1_RVT)
                                                  0.05       0.03       8.12 r
  fpu_add/fpu_add_frac_dp/add_1_root_add_765_2/U1_58/CO (FADDX1_RVT)
                                                  0.05       0.10       8.22 r
  fpu_add/fpu_add_frac_dp/add_1_root_add_765_2/carry[59] (net)
                                 1     1.34 
  fpu_add/fpu_add_frac_dp/add_1_root_add_765_2/U1_59/CI (FADDX1_RVT)
                                                  0.05       0.03       8.26 r
  fpu_add/fpu_add_frac_dp/add_1_root_add_765_2/U1_59/CO (FADDX1_RVT)
                                                  0.05       0.10       8.36 r
  fpu_add/fpu_add_frac_dp/add_1_root_add_765_2/carry[60] (net)
                                 1     1.34 
  fpu_add/fpu_add_frac_dp/add_1_root_add_765_2/U1_60/CI (FADDX1_RVT)
                                                  0.05       0.03       8.39 r
  fpu_add/fpu_add_frac_dp/add_1_root_add_765_2/U1_60/CO (FADDX1_RVT)
                                                  0.05       0.10       8.49 r
  fpu_add/fpu_add_frac_dp/add_1_root_add_765_2/carry[61] (net)
                                 1     1.34 
  fpu_add/fpu_add_frac_dp/add_1_root_add_765_2/U1_61/CI (FADDX1_RVT)
                                                  0.05       0.03       8.52 r
  fpu_add/fpu_add_frac_dp/add_1_root_add_765_2/U1_61/CO (FADDX1_RVT)
                                                  0.05       0.10       8.62 r
  fpu_add/fpu_add_frac_dp/add_1_root_add_765_2/carry[62] (net)
                                 1     1.34 
  fpu_add/fpu_add_frac_dp/add_1_root_add_765_2/U1_62/CI (FADDX1_RVT)
                                                  0.05       0.03       8.65 r
  fpu_add/fpu_add_frac_dp/add_1_root_add_765_2/U1_62/CO (FADDX1_RVT)
                                                  0.04       0.10       8.75 r
  fpu_add/fpu_add_frac_dp/add_1_root_add_765_2/carry[63] (net)
                                 1     0.86 
  fpu_add/fpu_add_frac_dp/add_1_root_add_765_2/U1_63/A3 (XOR3X2_RVT)
                                                  0.04       0.02       8.77 r
  fpu_add/fpu_add_frac_dp/add_1_root_add_765_2/U1_63/Y (XOR3X2_RVT)
                                                  0.05       0.08       8.86 f
  fpu_add/fpu_add_frac_dp/add_1_root_add_765_2/SUM[63] (net)
                                 2     1.02 
  fpu_add/fpu_add_frac_dp/U274/A (INVX0_RVT)      0.05       0.05       8.91 f
  fpu_add/fpu_add_frac_dp/U274/Y (INVX0_RVT)      0.03       0.04       8.95 r
  fpu_add/fpu_add_frac_dp/n1582 (net)
                                 2     0.96 
  fpu_add/fpu_add_frac_dp/U82/A (NBUFFX2_RVT)     0.03       0.05       9.00 r
  fpu_add/fpu_add_frac_dp/U82/Y (NBUFFX2_RVT)     0.02       0.05       9.04 r
  fpu_add/fpu_add_frac_dp/n35 (net)
                                 2     1.02 
  fpu_add/fpu_add_frac_dp/U83/A1 (NAND3X0_RVT)
                                                  0.02       0.05       9.10 r
  fpu_add/fpu_add_frac_dp/U83/Y (NAND3X0_RVT)     0.08       0.06       9.16 f
  fpu_add/fpu_add_frac_dp/n36 (net)
                                 3     1.53 
  fpu_add/fpu_add_frac_dp/U202/A1 (OR3X1_RVT)     0.08       0.13       9.28 f
  fpu_add/fpu_add_frac_dp/U202/Y (OR3X1_RVT)      0.03       0.12       9.40 f
  fpu_add/fpu_add_frac_dp/n344 (net)
                                 3     1.55 
  fpu_add/fpu_add_frac_dp/U63/A (INVX0_RVT)       0.03       0.13       9.53 f
  fpu_add/fpu_add_frac_dp/U63/Y (INVX0_RVT)       0.03       0.04       9.57 r
  fpu_add/fpu_add_frac_dp/n1397 (net)
                                 3     1.57 
  fpu_add/fpu_add_frac_dp/U211/A (NBUFFX2_RVT)
                                                  0.03       0.13       9.70 r
  fpu_add/fpu_add_frac_dp/U211/Y (NBUFFX2_RVT)
                                                  0.02       0.05       9.75 r
  fpu_add/fpu_add_frac_dp/n384 (net)
                                 3     1.60 
  fpu_add/fpu_add_frac_dp/U27/A1 (AND2X1_RVT)     0.02       0.13       9.89 r
  fpu_add/fpu_add_frac_dp/U27/Y (AND2X1_RVT)      0.02       0.05       9.94 r
  fpu_add/fpu_add_frac_dp/a4stg_rnd_frac_pre1_in[12] (net)
                                 1     0.44 
  fpu_add/fpu_add_frac_dp/i_a4stg_rnd_frac_pre1/q_reg[12]/D (SDFFX1_RVT)
                                                  0.02       0.01       9.95 r
  data arrival time                                                     9.95

  clock gclk (rise edge)                          0.10      10.00      10.00
  clock network delay (ideal)                                0.00      10.00
  clock reconvergence pessimism                              0.00      10.00
  clock uncertainty                                         -0.10       9.90
  fpu_add/fpu_add_frac_dp/i_a4stg_rnd_frac_pre1/q_reg[12]/CLK (SDFFX1_RVT)
                                                                        9.90 r
  library setup time                                        -0.11       9.79
  data required time                                                    9.79
  -----------------------------------------------------------------------------
  data required time                                                    9.79
  data arrival time                                                    -9.95
  -----------------------------------------------------------------------------
  slack (VIOLATED)                                                     -0.16


1
